
Discarded input sections

 .group         0x00000000        0xc main.o
 .group         0x00000000        0xc main.o
 .group         0x00000000        0xc main.o
 .group         0x00000000        0xc main.o
 .group         0x00000000        0xc main.o
 .group         0x00000000        0xc main.o
 .group         0x00000000        0xc main.o
 .group         0x00000000        0xc main.o
 .group         0x00000000        0xc main.o
 .group         0x00000000        0xc main.o
 .text          0x00000000        0x0 main.o
 .data          0x00000000        0x0 main.o
 .bss           0x00000000        0x0 main.o
 .group         0x00000000        0xc setled.o
 .group         0x00000000        0xc setled.o
 .group         0x00000000        0xc setled.o
 .group         0x00000000        0xc setled.o
 .group         0x00000000        0xc setled.o
 .group         0x00000000        0xc setled.o
 .group         0x00000000        0xc setled.o
 .group         0x00000000        0xc setled.o
 .group         0x00000000        0xc setled.o
 .group         0x00000000        0xc setled.o
 .text          0x00000000        0x0 setled.o
 .data          0x00000000        0x0 setled.o
 .bss           0x00000000        0x0 setled.o
 .debug_macro   0x00000000      0xac6 setled.o
 .debug_macro   0x00000000       0x2e setled.o
 .debug_macro   0x00000000       0x22 setled.o
 .debug_macro   0x00000000      0x34e setled.o
 .debug_macro   0x00000000       0x1c setled.o
 .debug_macro   0x00000000       0x22 setled.o
 .debug_macro   0x00000000       0xbd setled.o
 .debug_macro   0x00000000      0xd23 setled.o
 .debug_macro   0x00000000     0xe09e setled.o
 .debug_macro   0x00000000       0x6d setled.o
 .group         0x00000000        0xc systik.o
 .group         0x00000000        0xc systik.o
 .group         0x00000000        0xc systik.o
 .group         0x00000000        0xc systik.o
 .group         0x00000000        0xc systik.o
 .group         0x00000000        0xc systik.o
 .group         0x00000000        0xc systik.o
 .group         0x00000000        0xc systik.o
 .group         0x00000000        0xc systik.o
 .group         0x00000000        0xc systik.o
 .text          0x00000000        0x0 systik.o
 .data          0x00000000        0x0 systik.o
 .bss           0x00000000        0x0 systik.o
 .debug_macro   0x00000000      0xac6 systik.o
 .debug_macro   0x00000000       0x2e systik.o
 .debug_macro   0x00000000       0x22 systik.o
 .debug_macro   0x00000000      0x34e systik.o
 .debug_macro   0x00000000       0x1c systik.o
 .debug_macro   0x00000000       0x22 systik.o
 .debug_macro   0x00000000       0xbd systik.o
 .debug_macro   0x00000000      0xd23 systik.o
 .debug_macro   0x00000000     0xe09e systik.o
 .debug_macro   0x00000000       0x6d systik.o
 .text          0x00000000        0x0 startup.o
 .data          0x00000000        0x0 startup.o
 .bss           0x00000000        0x0 startup.o

Memory Configuration

Name             Origin             Length             Attributes
FLASH            0x08000000         0x00010000         xr
RAM              0x20000000         0x00005000         xrw
*default*        0x00000000         0xffffffff

Linker script and memory map

LOAD main.o
LOAD setled.o
LOAD systik.o
LOAD startup.o
                0x20005000                        _estack = (ORIGIN (RAM) + LENGTH (RAM))

.isr_vector     0x08000000       0xec
                0x08000000                        . = ALIGN (0x4)
 *(.isr_vector)
 .isr_vector    0x08000000       0xec startup.o
                0x080000ec                        . = ALIGN (0x4)

.text           0x080000ec      0x190
                0x080000ec                        . = ALIGN (0x4)
 *(.text)
 *(.text*)
 .text.main     0x080000ec       0x10 main.o
                0x080000ec                main
 .text.Led_Init
                0x080000fc       0x50 setled.o
                0x080000fc                Led_Init
 .text.Led1_Toggle
                0x0800014c       0x1c setled.o
                0x0800014c                Led1_Toggle
 .text.Led2_Toggle
                0x08000168       0x1c setled.o
                0x08000168                Led2_Toggle
 .text.Led3_Toggle
                0x08000184       0x1c setled.o
                0x08000184                Led3_Toggle
 .text.SysTick_Init
                0x080001a0       0x28 systik.o
                0x080001a0                SysTick_Init
 .text.SysTick_Handler
                0x080001c8       0x70 systik.o
                0x080001c8                SysTick_Handler
 .text.Reset_Handler
                0x08000238       0x40 startup.o
                0x08000238                Reset_Handler
 .text.Default_Handler
                0x08000278        0x4 startup.o
                0x08000278                EXTI2_IRQHandler
                0x08000278                DebugMon_Handler
                0x08000278                TIM1_CC_IRQHandler
                0x08000278                HardFault_Handler
                0x08000278                PVD_IRQHandler
                0x08000278                PendSV_Handler
                0x08000278                NMI_Handler
                0x08000278                EXTI3_IRQHandler
                0x08000278                EXTI0_IRQHandler
                0x08000278                I2C2_EV_IRQHandler
                0x08000278                UsageFault_Handler
                0x08000278                ADC1_2_IRQHandler
                0x08000278                SPI1_IRQHandler
                0x08000278                TAMPER_IRQHandler
                0x08000278                DMA1_Channel4_IRQHandler
                0x08000278                USART3_IRQHandler
                0x08000278                RTC_IRQHandler
                0x08000278                DMA1_Channel7_IRQHandler
                0x08000278                CAN1_RX1_IRQHandler
                0x08000278                TIM4_IRQHandler
                0x08000278                I2C1_EV_IRQHandler
                0x08000278                DMA1_Channel6_IRQHandler
                0x08000278                TIM3_IRQHandler
                0x08000278                RCC_IRQHandler
                0x08000278                TIM1_TRG_COM_IRQHandler
                0x08000278                DMA1_Channel1_IRQHandler
                0x08000278                Default_Handler
                0x08000278                EXTI15_10_IRQHandler
                0x08000278                EXTI9_5_IRQHandler
                0x08000278                SPI2_IRQHandler
                0x08000278                MemManage_Handler
                0x08000278                SVC_Handler
                0x08000278                DMA1_Channel5_IRQHandler
                0x08000278                EXTI4_IRQHandler
                0x08000278                USB_LP_CAN1_RX0_IRQHandler
                0x08000278                USB_HP_CAN1_TX_IRQHandler
                0x08000278                DMA1_Channel3_IRQHandler
                0x08000278                TIM1_UP_IRQHandler
                0x08000278                WWDG_IRQHandler
                0x08000278                TIM2_IRQHandler
                0x08000278                TIM1_BRK_IRQHandler
                0x08000278                EXTI1_IRQHandler
                0x08000278                RTCAlarm_IRQHandler
                0x08000278                USART2_IRQHandler
                0x08000278                I2C2_ER_IRQHandler
                0x08000278                DMA1_Channel2_IRQHandler
                0x08000278                CAN1_SCE_IRQHandler
                0x08000278                FLASH_IRQHandler
                0x08000278                BusFault_Handler
                0x08000278                USART1_IRQHandler
                0x08000278                I2C1_ER_IRQHandler
                0x08000278                USBWakeUp_IRQHandler
 *(.rodata)
 *(.rodata*)
                0x0800027c                        . = ALIGN (0x4)
                0x0800027c                        _etext = .
                0x0800027c                        _sidata = LOADADDR (.data)

.glue_7         0x0800027c        0x0
 .glue_7        0x0800027c        0x0 linker stubs

.glue_7t        0x0800027c        0x0
 .glue_7t       0x0800027c        0x0 linker stubs

.vfp11_veneer   0x0800027c        0x0
 .vfp11_veneer  0x0800027c        0x0 linker stubs

.v4_bx          0x0800027c        0x0
 .v4_bx         0x0800027c        0x0 linker stubs

.iplt           0x0800027c        0x0
 .iplt          0x0800027c        0x0 main.o

.rel.dyn        0x0800027c        0x0
 .rel.iplt      0x0800027c        0x0 main.o

.data           0x20000000        0x0 load address 0x0800027c
                0x20000000                        . = ALIGN (0x4)
                0x20000000                        _sdata = .
 *(.data)
 *(.data*)
                0x20000000                        . = ALIGN (0x4)
                0x20000000                        _edata = .

.igot.plt       0x20000000        0x0 load address 0x0800027c
 .igot.plt      0x20000000        0x0 main.o

.bss            0x20000000        0xc load address 0x0800027c
                0x20000000                        . = ALIGN (0x4)
                0x20000000                        _sbss = .
 *(.bss)
 *(.bss*)
 .bss.led1      0x20000000        0x4 systik.o
                0x20000000                led1
 .bss.led2      0x20000004        0x4 systik.o
                0x20000004                led2
 .bss.led3      0x20000008        0x4 systik.o
                0x20000008                led3
 *(COMMON)
                0x2000000c                        . = ALIGN (0x4)
                0x2000000c                        _ebss = .
OUTPUT(bai2_week2.elf elf32-littlearm)
LOAD linker stubs

.debug_info     0x00000000      0x37f
 .debug_info    0x00000000       0x93 main.o
 .debug_info    0x00000093      0x1b5 setled.o
 .debug_info    0x00000248      0x137 systik.o

.debug_abbrev   0x00000000      0x1e6
 .debug_abbrev  0x00000000       0x5a main.o
 .debug_abbrev  0x0000005a       0xa5 setled.o
 .debug_abbrev  0x000000ff       0xe7 systik.o

.debug_aranges  0x00000000       0x80
 .debug_aranges
                0x00000000       0x20 main.o
 .debug_aranges
                0x00000020       0x38 setled.o
 .debug_aranges
                0x00000058       0x28 systik.o

.debug_rnglists
                0x00000000       0x51
 .debug_rnglists
                0x00000000       0x13 main.o
 .debug_rnglists
                0x00000013       0x25 setled.o
 .debug_rnglists
                0x00000038       0x19 systik.o

.debug_macro    0x00000000     0xff18
 .debug_macro   0x00000000       0x87 main.o
 .debug_macro   0x00000087      0xac6 main.o
 .debug_macro   0x00000b4d       0x2e main.o
 .debug_macro   0x00000b7b       0x22 main.o
 .debug_macro   0x00000b9d      0x34e main.o
 .debug_macro   0x00000eeb       0x1c main.o
 .debug_macro   0x00000f07       0x22 main.o
 .debug_macro   0x00000f29       0xbd main.o
 .debug_macro   0x00000fe6      0xd23 main.o
 .debug_macro   0x00001d09     0xe09e main.o
 .debug_macro   0x0000fda7       0x6d main.o
 .debug_macro   0x0000fe14       0x7d setled.o
 .debug_macro   0x0000fe91       0x87 systik.o

.debug_line     0x00000000      0x510
 .debug_line    0x00000000      0x179 main.o
 .debug_line    0x00000179      0x1d1 setled.o
 .debug_line    0x0000034a      0x1c6 systik.o

.debug_str      0x00000000    0x540a1
 .debug_str     0x00000000    0x540a1 main.o
                              0x541f1 (size before relaxing)
 .debug_str     0x000540a1        0x0 setled.o
                              0x5425a (size before relaxing)
 .debug_str     0x000540a1        0x0 systik.o
                              0x5424e (size before relaxing)

.comment        0x00000000       0x26
 .comment       0x00000000       0x26 main.o
                                 0x27 (size before relaxing)
 .comment       0x00000026        0x0 setled.o
                                 0x27 (size before relaxing)
 .comment       0x00000026        0x0 systik.o
                                 0x27 (size before relaxing)

.ARM.attributes
                0x00000000       0x2b
 .ARM.attributes
                0x00000000       0x2d main.o
 .ARM.attributes
                0x0000002d       0x2d setled.o
 .ARM.attributes
                0x0000005a       0x2d systik.o
 .ARM.attributes
                0x00000087       0x21 startup.o

.debug_frame    0x00000000      0x108
 .debug_frame   0x00000000       0x2c main.o
 .debug_frame   0x0000002c       0x90 setled.o
 .debug_frame   0x000000bc       0x4c systik.o
